This is pdfTeX, Version 3.141592653-2.6-1.40.28 (MiKTeX 25.12) (preloaded format=pdflatex 2026.2.20)  12 JUL 2026 21:30
entering extended mode
 restricted \write18 enabled.
 %&-line parsing enabled.
**./paper_sc26_revised.tex
(paper_sc26_revised.tex
LaTeX2e <2025-11-01>
L3 programming layer <2025-12-24>
(C:\Users\abptl\AppData\Local\Programs\MiKTeX\tex/latex/ieeetran\IEEEtran.cls
Document Class: IEEEtran 2015/08/26 V1.8b by Michael Shell
-- See the "IEEEtran_HOWTO" manual for usage information.
-- http://www.michaelshell.org/tex/ieeetran/
\@IEEEtrantmpdimenA=\dimen148
\@IEEEtrantmpdimenB=\dimen149
\@IEEEtrantmpdimenC=\dimen150
\@IEEEtrantmpcountA=\count275
\@IEEEtrantmpcountB=\count276
\@IEEEtrantmpcountC=\count277
\@IEEEtrantmptoksA=\toks17
LaTeX Font Info:    Trying to load font information for OT1+ptm on input line 5
03.
(C:\Users\abptl\AppData\Local\Programs\MiKTeX\tex/latex/psnfss\ot1ptm.fd
File: ot1ptm.fd 2001/06/04 font definitions for OT1/ptm.
)
-- Using 8.5in x 11in (letter) paper.
-- Using PDF output.
\@IEEEnormalsizeunitybaselineskip=\dimen151
-- This is a 10 point document.
LaTeX Encoding Info:    Redeclaring text command \textunderscore (encoding ?) o
n input line 937.
\CLASSINFOnormalsizebaselineskip=\dimen152
\CLASSINFOnormalsizeunitybaselineskip=\dimen153
\IEEEnormaljot=\dimen154
LaTeX Font Info:    Font shape `OT1/ptm/bx/n' in size <5> not available
(Font)              Font shape `OT1/ptm/b/n' tried instead on input line 1090.
LaTeX Font Info:    Font shape `OT1/ptm/bx/it' in size <5> not available
(Font)              Font shape `OT1/ptm/b/it' tried instead on input line 1090.

LaTeX Font Info:    Font shape `OT1/ptm/bx/n' in size <7> not available
(Font)              Font shape `OT1/ptm/b/n' tried instead on input line 1090.
LaTeX Font Info:    Font shape `OT1/ptm/bx/it' in size <7> not available
(Font)              Font shape `OT1/ptm/b/it' tried instead on input line 1090.

LaTeX Font Info:    Font shape `OT1/ptm/bx/n' in size <8> not available
(Font)              Font shape `OT1/ptm/b/n' tried instead on input line 1090.
LaTeX Font Info:    Font shape `OT1/ptm/bx/it' in size <8> not available
(Font)              Font shape `OT1/ptm/b/it' tried instead on input line 1090.

LaTeX Font Info:    Font shape `OT1/ptm/bx/n' in size <9> not available
(Font)              Font shape `OT1/ptm/b/n' tried instead on input line 1090.
LaTeX Font Info:    Font shape `OT1/ptm/bx/it' in size <9> not available
(Font)              Font shape `OT1/ptm/b/it' tried instead on input line 1090.

LaTeX Font Info:    Font shape `OT1/ptm/bx/n' in size <10> not available
(Font)              Font shape `OT1/ptm/b/n' tried instead on input line 1090.
LaTeX Font Info:    Font shape `OT1/ptm/bx/it' in size <10> not available
(Font)              Font shape `OT1/ptm/b/it' tried instead on input line 1090.

LaTeX Font Info:    Font shape `OT1/ptm/bx/n' in size <11> not available
(Font)              Font shape `OT1/ptm/b/n' tried instead on input line 1090.
LaTeX Font Info:    Font shape `OT1/ptm/bx/it' in size <11> not available
(Font)              Font shape `OT1/ptm/b/it' tried instead on input line 1090.

LaTeX Font Info:    Font shape `OT1/ptm/bx/n' in size <12> not available
(Font)              Font shape `OT1/ptm/b/n' tried instead on input line 1090.
LaTeX Font Info:    Font shape `OT1/ptm/bx/it' in size <12> not available
(Font)              Font shape `OT1/ptm/b/it' tried instead on input line 1090.

LaTeX Font Info:    Font shape `OT1/ptm/bx/n' in size <17> not available
(Font)              Font shape `OT1/ptm/b/n' tried instead on input line 1090.
LaTeX Font Info:    Font shape `OT1/ptm/bx/it' in size <17> not available
(Font)              Font shape `OT1/ptm/b/it' tried instead on input line 1090.

LaTeX Font Info:    Font shape `OT1/ptm/bx/n' in size <20> not available
(Font)              Font shape `OT1/ptm/b/n' tried instead on input line 1090.
LaTeX Font Info:    Font shape `OT1/ptm/bx/it' in size <20> not available
(Font)              Font shape `OT1/ptm/b/it' tried instead on input line 1090.

LaTeX Font Info:    Font shape `OT1/ptm/bx/n' in size <24> not available
(Font)              Font shape `OT1/ptm/b/n' tried instead on input line 1090.
LaTeX Font Info:    Font shape `OT1/ptm/bx/it' in size <24> not available
(Font)              Font shape `OT1/ptm/b/it' tried instead on input line 1090.

\IEEEquantizedlength=\dimen155
\IEEEquantizedlengthdiff=\dimen156
\IEEEquantizedtextheightdiff=\dimen157
\IEEEilabelindentA=\dimen158
\IEEEilabelindentB=\dimen159
\IEEEilabelindent=\dimen160
\IEEEelabelindent=\dimen161
\IEEEdlabelindent=\dimen162
\IEEElabelindent=\dimen163
\IEEEiednormlabelsep=\dimen164
\IEEEiedmathlabelsep=\dimen165
\IEEEiedtopsep=\skip49
\c@section=\count278
\c@subsection=\count279
\c@subsubsection=\count280
\c@paragraph=\count281
\c@IEEEsubequation=\count282
\abovecaptionskip=\skip50
\belowcaptionskip=\skip51
\c@figure=\count283
\c@table=\count284
\@IEEEeqnnumcols=\count285
\@IEEEeqncolcnt=\count286
\@IEEEsubeqnnumrollback=\count287
\@IEEEquantizeheightA=\dimen166
\@IEEEquantizeheightB=\dimen167
\@IEEEquantizeheightC=\dimen168
\@IEEEquantizeprevdepth=\dimen169
\@IEEEquantizemultiple=\count288
\@IEEEquantizeboxA=\box53
\@IEEEtmpitemindent=\dimen170
\IEEEPARstartletwidth=\dimen171
\c@IEEEbiography=\count289
\@IEEEtranrubishbin=\box54
)
** ATTENTION: Overriding command lockouts (line 3).
(C:\Users\abptl\AppData\Local\Programs\MiKTeX\tex/latex/cite\cite.sty
LaTeX Info: Redefining \cite on input line 302.
LaTeX Info: Redefining \nocite on input line 332.
Package: cite 2015/02/27  v 5.5
)
(C:\Users\abptl\AppData\Local\Programs\MiKTeX\tex/latex/amsmath\amsmath.sty
Package: amsmath 2025/07/09 v2.17z AMS math features
\@mathmargin=\skip52

For additional information on amsmath, use the `?' option.
(C:\Users\abptl\AppData\Local\Programs\MiKTeX\tex/latex/amsmath\amstext.sty
Package: amstext 2024/11/17 v2.01 AMS text

(C:\Users\abptl\AppData\Local\Programs\MiKTeX\tex/latex/amsmath\amsgen.sty
File: amsgen.sty 1999/11/30 v2.0 generic functions
\@emptytoks=\toks18
\ex@=\dimen172
))
(C:\Users\abptl\AppData\Local\Programs\MiKTeX\tex/latex/amsmath\amsbsy.sty
Package: amsbsy 1999/11/29 v1.2d Bold Symbols
\pmbraise@=\dimen173
)
(C:\Users\abptl\AppData\Local\Programs\MiKTeX\tex/latex/amsmath\amsopn.sty
Package: amsopn 2022/04/08 v2.04 operator names
)
\inf@bad=\count290
LaTeX Info: Redefining \frac on input line 233.
\uproot@=\count291
\leftroot@=\count292
LaTeX Info: Redefining \overline on input line 398.
LaTeX Info: Redefining \colon on input line 409.
\classnum@=\count293
\DOTSCASE@=\count294
LaTeX Info: Redefining \ldots on input line 495.
LaTeX Info: Redefining \dots on input line 498.
LaTeX Info: Redefining \cdots on input line 619.
\Mathstrutbox@=\box55
\strutbox@=\box56
LaTeX Info: Redefining \big on input line 721.
LaTeX Info: Redefining \Big on input line 722.
LaTeX Info: Redefining \bigg on input line 723.
LaTeX Info: Redefining \Bigg on input line 724.
\big@size=\dimen174
LaTeX Font Info:    Redeclaring font encoding OML on input line 742.
LaTeX Font Info:    Redeclaring font encoding OMS on input line 743.
\macc@depth=\count295
LaTeX Info: Redefining \bmod on input line 904.
LaTeX Info: Redefining \pmod on input line 909.
LaTeX Info: Redefining \smash on input line 939.
LaTeX Info: Redefining \relbar on input line 969.
LaTeX Info: Redefining \Relbar on input line 970.
\c@MaxMatrixCols=\count296
\dotsspace@=\muskip17
\c@parentequation=\count297
\dspbrk@lvl=\count298
\tag@help=\toks19
\row@=\count299
\column@=\count300
\maxfields@=\count301
\andhelp@=\toks20
\eqnshift@=\dimen175
\alignsep@=\dimen176
\tagshift@=\dimen177
\tagwidth@=\dimen178
\totwidth@=\dimen179
\lineht@=\dimen180
\@envbody=\toks21
\multlinegap=\skip53
\multlinetaggap=\skip54
\mathdisplay@stack=\toks22
LaTeX Info: Redefining \[ on input line 2950.
LaTeX Info: Redefining \] on input line 2951.
)
(C:\Users\abptl\AppData\Local\Programs\MiKTeX\tex/latex/graphics\graphicx.sty
Package: graphicx 2024/12/31 v1.2e Enhanced LaTeX Graphics (DPC,SPQR)

(C:\Users\abptl\AppData\Local\Programs\MiKTeX\tex/latex/graphics\keyval.sty
Package: keyval 2022/05/29 v1.15 key=value parser (DPC)
\KV@toks@=\toks23
)
(C:\Users\abptl\AppData\Local\Programs\MiKTeX\tex/latex/graphics\graphics.sty
Package: graphics 2024/08/06 v1.4g Standard LaTeX Graphics (DPC,SPQR)

(C:\Users\abptl\AppData\Local\Programs\MiKTeX\tex/latex/graphics\trig.sty
Package: trig 2023/12/02 v1.11 sin cos tan (DPC)
)
(C:\Users\abptl\AppData\Local\Programs\MiKTeX\tex/latex/graphics-cfg\graphics.c
fg
File: graphics.cfg 2016/06/04 v1.11 sample graphics configuration
)
Package graphics Info: Driver file: pdftex.def on input line 106.

(C:\Users\abptl\AppData\Local\Programs\MiKTeX\tex/latex/graphics-def\pdftex.def
File: pdftex.def 2025/09/29 v1.2d Graphics/color driver for pdftex
))
\Gin@req@height=\dimen181
\Gin@req@width=\dimen182
)
(C:\Users\abptl\AppData\Local\Programs\MiKTeX\tex/latex/booktabs\booktabs.sty
Package: booktabs 2020/01/12 v1.61803398 Publication quality tables
\heavyrulewidth=\dimen183
\lightrulewidth=\dimen184
\cmidrulewidth=\dimen185
\belowrulesep=\dimen186
\belowbottomsep=\dimen187
\aboverulesep=\dimen188
\abovetopsep=\dimen189
\cmidrulesep=\dimen190
\cmidrulekern=\dimen191
\defaultaddspace=\dimen192
\@cmidla=\count302
\@cmidlb=\count303
\@aboverulesep=\dimen193
\@belowrulesep=\dimen194
\@thisruleclass=\count304
\@lastruleclass=\count305
\@thisrulewidth=\dimen195
)
(C:\Users\abptl\AppData\Local\Programs\MiKTeX\tex/latex/multirow\multirow.sty
Package: multirow 2024/11/12 v2.9 Span multiple rows of a table
\multirow@colwidth=\skip55
\multirow@cntb=\count306
\multirow@dima=\skip56
\bigstrutjot=\dimen196
)
(C:\Users\abptl\AppData\Local\Programs\MiKTeX\tex/latex/url\url.sty
\Urlmuskip=\muskip18
Package: url 2013/09/16  ver 3.4  Verb mode for urls, etc.
)
(C:\Users\abptl\AppData\Local\Programs\MiKTeX\tex/latex/base\fontenc.sty
Package: fontenc 2025/07/18 v2.1d Standard LaTeX package
LaTeX Font Info:    Trying to load font information for T1+ptm on input line 11
6.

(C:\Users\abptl\AppData\Local\Programs\MiKTeX\tex/latex/psnfss\t1ptm.fd
File: t1ptm.fd 2001/06/04 font definitions for T1/ptm.
))
(C:\Users\abptl\AppData\Local\Programs\MiKTeX\tex/latex/pgf/frontendlayer\tikz.
sty
(C:\Users\abptl\AppData\Local\Programs\MiKTeX\tex/latex/pgf/basiclayer\pgf.sty
(C:\Users\abptl\AppData\Local\Programs\MiKTeX\tex/latex/pgf/utilities\pgfrcs.st
y
(C:\Users\abptl\AppData\Local\Programs\MiKTeX\tex/generic/pgf/utilities\pgfutil
-common.tex
\pgfutil@everybye=\toks24
\pgfutil@tempdima=\dimen197
\pgfutil@tempdimb=\dimen198
)
(C:\Users\abptl\AppData\Local\Programs\MiKTeX\tex/generic/pgf/utilities\pgfutil
-latex.def
\pgfutil@abb=\box57
)
(C:\Users\abptl\AppData\Local\Programs\MiKTeX\tex/generic/pgf/utilities\pgfrcs.
code.tex
(C:\Users\abptl\AppData\Local\Programs\MiKTeX\tex/generic/pgf\pgf.revision.tex)
Package: pgfrcs 2025-08-29 v3.1.11a (3.1.11a)
))
Package: pgf 2025-08-29 v3.1.11a (3.1.11a)

(C:\Users\abptl\AppData\Local\Programs\MiKTeX\tex/latex/pgf/basiclayer\pgfcore.
sty
(C:\Users\abptl\AppData\Local\Programs\MiKTeX\tex/latex/pgf/systemlayer\pgfsys.
sty
(C:\Users\abptl\AppData\Local\Programs\MiKTeX\tex/generic/pgf/systemlayer\pgfsy
s.code.tex
Package: pgfsys 2025-08-29 v3.1.11a (3.1.11a)

(C:\Users\abptl\AppData\Local\Programs\MiKTeX\tex/generic/pgf/utilities\pgfkeys
.code.tex
\pgfkeys@pathtoks=\toks25
\pgfkeys@temptoks=\toks26

(C:\Users\abptl\AppData\Local\Programs\MiKTeX\tex/generic/pgf/utilities\pgfkeys
libraryfiltered.code.tex
\pgfkeys@tmptoks=\toks27
))
\pgf@x=\dimen199
\pgf@y=\dimen256
\pgf@xa=\dimen257
\pgf@ya=\dimen258
\pgf@xb=\dimen259
\pgf@yb=\dimen260
\pgf@xc=\dimen261
\pgf@yc=\dimen262
\pgf@xd=\dimen263
\pgf@yd=\dimen264
\w@pgf@writea=\write3
\r@pgf@reada=\read2
\c@pgf@counta=\count307
\c@pgf@countb=\count308
\c@pgf@countc=\count309
\c@pgf@countd=\count310
\t@pgf@toka=\toks28
\t@pgf@tokb=\toks29
\t@pgf@tokc=\toks30
\pgf@sys@id@count=\count311

(C:\Users\abptl\AppData\Local\Programs\MiKTeX\tex/generic/pgf/systemlayer\pgf.c
fg
File: pgf.cfg 2025-08-29 v3.1.11a (3.1.11a)
)
Driver file for pgf: pgfsys-pdftex.def

(C:\Users\abptl\AppData\Local\Programs\MiKTeX\tex/generic/pgf/systemlayer\pgfsy
s-pdftex.def
File: pgfsys-pdftex.def 2025-08-29 v3.1.11a (3.1.11a)

(C:\Users\abptl\AppData\Local\Programs\MiKTeX\tex/generic/pgf/systemlayer\pgfsy
s-common-pdf.def
File: pgfsys-common-pdf.def 2025-08-29 v3.1.11a (3.1.11a)
)))
(C:\Users\abptl\AppData\Local\Programs\MiKTeX\tex/generic/pgf/systemlayer\pgfsy
ssoftpath.code.tex
File: pgfsyssoftpath.code.tex 2025-08-29 v3.1.11a (3.1.11a)
\pgfsyssoftpath@smallbuffer@items=\count312
\pgfsyssoftpath@bigbuffer@items=\count313
)
(C:\Users\abptl\AppData\Local\Programs\MiKTeX\tex/generic/pgf/systemlayer\pgfsy
sprotocol.code.tex
File: pgfsysprotocol.code.tex 2025-08-29 v3.1.11a (3.1.11a)
))
(C:\Users\abptl\AppData\Local\Programs\MiKTeX\tex/latex/xcolor\xcolor.sty
Package: xcolor 2024/09/29 v3.02 LaTeX color extensions (UK)

(C:\Users\abptl\AppData\Local\Programs\MiKTeX\tex/latex/graphics-cfg\color.cfg
File: color.cfg 2016/01/02 v1.6 sample color configuration
)
Package xcolor Info: Driver file: pdftex.def on input line 274.
(C:\Users\abptl\AppData\Local\Programs\MiKTeX\tex/latex/graphics\mathcolor.ltx)
Package xcolor Info: Model `cmy' substituted by `cmy0' on input line 1349.
Package xcolor Info: Model `hsb' substituted by `rgb' on input line 1353.
Package xcolor Info: Model `RGB' extended on input line 1365.
Package xcolor Info: Model `HTML' substituted by `rgb' on input line 1367.
Package xcolor Info: Model `Hsb' substituted by `hsb' on input line 1368.
Package xcolor Info: Model `tHsb' substituted by `hsb' on input line 1369.
Package xcolor Info: Model `HSB' substituted by `hsb' on input line 1370.
Package xcolor Info: Model `Gray' substituted by `gray' on input line 1371.
Package xcolor Info: Model `wave' substituted by `hsb' on input line 1372.
)
(C:\Users\abptl\AppData\Local\Programs\MiKTeX\tex/generic/pgf/basiclayer\pgfcor
e.code.tex
Package: pgfcore 2025-08-29 v3.1.11a (3.1.11a)

(C:\Users\abptl\AppData\Local\Programs\MiKTeX\tex/generic/pgf/math\pgfmath.code
.tex
(C:\Users\abptl\AppData\Local\Programs\MiKTeX\tex/generic/pgf/math\pgfmathutil.
code.tex)
(C:\Users\abptl\AppData\Local\Programs\MiKTeX\tex/generic/pgf/math\pgfmathparse
r.code.tex
\pgfmath@dimen=\dimen265
\pgfmath@count=\count314
\pgfmath@box=\box58
\pgfmath@toks=\toks31
\pgfmath@stack@operand=\toks32
\pgfmath@stack@operation=\toks33
)
(C:\Users\abptl\AppData\Local\Programs\MiKTeX\tex/generic/pgf/math\pgfmathfunct
ions.code.tex)
(C:\Users\abptl\AppData\Local\Programs\MiKTeX\tex/generic/pgf/math\pgfmathfunct
ions.basic.code.tex)
(C:\Users\abptl\AppData\Local\Programs\MiKTeX\tex/generic/pgf/math\pgfmathfunct
ions.trigonometric.code.tex)
(C:\Users\abptl\AppData\Local\Programs\MiKTeX\tex/generic/pgf/math\pgfmathfunct
ions.random.code.tex)
(C:\Users\abptl\AppData\Local\Programs\MiKTeX\tex/generic/pgf/math\pgfmathfunct
ions.comparison.code.tex)
(C:\Users\abptl\AppData\Local\Programs\MiKTeX\tex/generic/pgf/math\pgfmathfunct
ions.base.code.tex)
(C:\Users\abptl\AppData\Local\Programs\MiKTeX\tex/generic/pgf/math\pgfmathfunct
ions.round.code.tex)
(C:\Users\abptl\AppData\Local\Programs\MiKTeX\tex/generic/pgf/math\pgfmathfunct
ions.misc.code.tex)
(C:\Users\abptl\AppData\Local\Programs\MiKTeX\tex/generic/pgf/math\pgfmathfunct
ions.integerarithmetics.code.tex)
(C:\Users\abptl\AppData\Local\Programs\MiKTeX\tex/generic/pgf/math\pgfmathcalc.
code.tex)
(C:\Users\abptl\AppData\Local\Programs\MiKTeX\tex/generic/pgf/math\pgfmathfloat
.code.tex
\c@pgfmathroundto@lastzeros=\count315
))
(C:\Users\abptl\AppData\Local\Programs\MiKTeX\tex/generic/pgf/math\pgfint.code.
tex)
(C:\Users\abptl\AppData\Local\Programs\MiKTeX\tex/generic/pgf/basiclayer\pgfcor
epoints.code.tex
File: pgfcorepoints.code.tex 2025-08-29 v3.1.11a (3.1.11a)
\pgf@picminx=\dimen266
\pgf@picmaxx=\dimen267
\pgf@picminy=\dimen268
\pgf@picmaxy=\dimen269
\pgf@pathminx=\dimen270
\pgf@pathmaxx=\dimen271
\pgf@pathminy=\dimen272
\pgf@pathmaxy=\dimen273
\pgf@xx=\dimen274
\pgf@xy=\dimen275
\pgf@yx=\dimen276
\pgf@yy=\dimen277
\pgf@zx=\dimen278
\pgf@zy=\dimen279
)
(C:\Users\abptl\AppData\Local\Programs\MiKTeX\tex/generic/pgf/basiclayer\pgfcor
epathconstruct.code.tex
File: pgfcorepathconstruct.code.tex 2025-08-29 v3.1.11a (3.1.11a)
\pgf@path@lastx=\dimen280
\pgf@path@lasty=\dimen281
)
(C:\Users\abptl\AppData\Local\Programs\MiKTeX\tex/generic/pgf/basiclayer\pgfcor
epathusage.code.tex
File: pgfcorepathusage.code.tex 2025-08-29 v3.1.11a (3.1.11a)
\pgf@shorten@end@additional=\dimen282
\pgf@shorten@start@additional=\dimen283
)
(C:\Users\abptl\AppData\Local\Programs\MiKTeX\tex/generic/pgf/basiclayer\pgfcor
escopes.code.tex
File: pgfcorescopes.code.tex 2025-08-29 v3.1.11a (3.1.11a)
\pgfpic=\box59
\pgf@hbox=\box60
\pgf@layerbox@main=\box61
\pgf@picture@serial@count=\count316
)
(C:\Users\abptl\AppData\Local\Programs\MiKTeX\tex/generic/pgf/basiclayer\pgfcor
egraphicstate.code.tex
File: pgfcoregraphicstate.code.tex 2025-08-29 v3.1.11a (3.1.11a)
\pgflinewidth=\dimen284
)
(C:\Users\abptl\AppData\Local\Programs\MiKTeX\tex/generic/pgf/basiclayer\pgfcor
etransformations.code.tex
File: pgfcoretransformations.code.tex 2025-08-29 v3.1.11a (3.1.11a)
\pgf@pt@x=\dimen285
\pgf@pt@y=\dimen286
\pgf@pt@temp=\dimen287
)
(C:\Users\abptl\AppData\Local\Programs\MiKTeX\tex/generic/pgf/basiclayer\pgfcor
equick.code.tex
File: pgfcorequick.code.tex 2025-08-29 v3.1.11a (3.1.11a)
)
(C:\Users\abptl\AppData\Local\Programs\MiKTeX\tex/generic/pgf/basiclayer\pgfcor
eobjects.code.tex
File: pgfcoreobjects.code.tex 2025-08-29 v3.1.11a (3.1.11a)
)
(C:\Users\abptl\AppData\Local\Programs\MiKTeX\tex/generic/pgf/basiclayer\pgfcor
epathprocessing.code.tex
File: pgfcorepathprocessing.code.tex 2025-08-29 v3.1.11a (3.1.11a)
)
(C:\Users\abptl\AppData\Local\Programs\MiKTeX\tex/generic/pgf/basiclayer\pgfcor
earrows.code.tex
File: pgfcorearrows.code.tex 2025-08-29 v3.1.11a (3.1.11a)
\pgfarrowsep=\dimen288
)
(C:\Users\abptl\AppData\Local\Programs\MiKTeX\tex/generic/pgf/basiclayer\pgfcor
eshade.code.tex
File: pgfcoreshade.code.tex 2025-08-29 v3.1.11a (3.1.11a)
\pgf@max=\dimen289
\pgf@sys@shading@range@num=\count317
\pgf@shadingcount=\count318
)
(C:\Users\abptl\AppData\Local\Programs\MiKTeX\tex/generic/pgf/basiclayer\pgfcor
eimage.code.tex
File: pgfcoreimage.code.tex 2025-08-29 v3.1.11a (3.1.11a)
)
(C:\Users\abptl\AppData\Local\Programs\MiKTeX\tex/generic/pgf/basiclayer\pgfcor
eexternal.code.tex
File: pgfcoreexternal.code.tex 2025-08-29 v3.1.11a (3.1.11a)
\pgfexternal@startupbox=\box62
)
(C:\Users\abptl\AppData\Local\Programs\MiKTeX\tex/generic/pgf/basiclayer\pgfcor
elayers.code.tex
File: pgfcorelayers.code.tex 2025-08-29 v3.1.11a (3.1.11a)
)
(C:\Users\abptl\AppData\Local\Programs\MiKTeX\tex/generic/pgf/basiclayer\pgfcor
etransparency.code.tex
File: pgfcoretransparency.code.tex 2025-08-29 v3.1.11a (3.1.11a)
)
(C:\Users\abptl\AppData\Local\Programs\MiKTeX\tex/generic/pgf/basiclayer\pgfcor
epatterns.code.tex
File: pgfcorepatterns.code.tex 2025-08-29 v3.1.11a (3.1.11a)
)
(C:\Users\abptl\AppData\Local\Programs\MiKTeX\tex/generic/pgf/basiclayer\pgfcor
erdf.code.tex
File: pgfcorerdf.code.tex 2025-08-29 v3.1.11a (3.1.11a)
)))
(C:\Users\abptl\AppData\Local\Programs\MiKTeX\tex/generic/pgf/modules\pgfmodule
shapes.code.tex
File: pgfmoduleshapes.code.tex 2025-08-29 v3.1.11a (3.1.11a)
\pgfnodeparttextbox=\box63
)
(C:\Users\abptl\AppData\Local\Programs\MiKTeX\tex/generic/pgf/modules\pgfmodule
plot.code.tex
File: pgfmoduleplot.code.tex 2025-08-29 v3.1.11a (3.1.11a)
)
(C:\Users\abptl\AppData\Local\Programs\MiKTeX\tex/latex/pgf/compatibility\pgfco
mp-version-0-65.sty
Package: pgfcomp-version-0-65 2025-08-29 v3.1.11a (3.1.11a)
\pgf@nodesepstart=\dimen290
\pgf@nodesepend=\dimen291
)
(C:\Users\abptl\AppData\Local\Programs\MiKTeX\tex/latex/pgf/compatibility\pgfco
mp-version-1-18.sty
Package: pgfcomp-version-1-18 2025-08-29 v3.1.11a (3.1.11a)
))
(C:\Users\abptl\AppData\Local\Programs\MiKTeX\tex/latex/pgf/utilities\pgffor.st
y
(C:\Users\abptl\AppData\Local\Programs\MiKTeX\tex/latex/pgf/utilities\pgfkeys.s
ty
(C:\Users\abptl\AppData\Local\Programs\MiKTeX\tex/generic/pgf/utilities\pgfkeys
.code.tex))
(C:\Users\abptl\AppData\Local\Programs\MiKTeX\tex/latex/pgf/math\pgfmath.sty
(C:\Users\abptl\AppData\Local\Programs\MiKTeX\tex/generic/pgf/math\pgfmath.code
.tex))
(C:\Users\abptl\AppData\Local\Programs\MiKTeX\tex/generic/pgf/utilities\pgffor.
code.tex
Package: pgffor 2025-08-29 v3.1.11a (3.1.11a)
\pgffor@iter=\dimen292
\pgffor@skip=\dimen293
\pgffor@stack=\toks34
\pgffor@toks=\toks35
))
(C:\Users\abptl\AppData\Local\Programs\MiKTeX\tex/generic/pgf/frontendlayer/tik
z\tikz.code.tex
Package: tikz 2025-08-29 v3.1.11a (3.1.11a)

(C:\Users\abptl\AppData\Local\Programs\MiKTeX\tex/generic/pgf/libraries\pgflibr
aryplothandlers.code.tex
File: pgflibraryplothandlers.code.tex 2025-08-29 v3.1.11a (3.1.11a)
\pgf@plot@mark@count=\count319
\pgfplotmarksize=\dimen294
)
\tikz@lastx=\dimen295
\tikz@lasty=\dimen296
\tikz@lastxsaved=\dimen297
\tikz@lastysaved=\dimen298
\tikz@lastmovetox=\dimen299
\tikz@lastmovetoy=\dimen300
\tikzleveldistance=\dimen301
\tikzsiblingdistance=\dimen302
\tikz@figbox=\box64
\tikz@figbox@bg=\box65
\tikz@tempbox=\box66
\tikz@tempbox@bg=\box67
\tikztreelevel=\count320
\tikznumberofchildren=\count321
\tikznumberofcurrentchild=\count322
\tikz@fig@count=\count323

(C:\Users\abptl\AppData\Local\Programs\MiKTeX\tex/generic/pgf/modules\pgfmodule
matrix.code.tex
File: pgfmodulematrix.code.tex 2025-08-29 v3.1.11a (3.1.11a)
\pgfmatrixcurrentrow=\count324
\pgfmatrixcurrentcolumn=\count325
\pgf@matrix@numberofcolumns=\count326
)
\tikz@expandcount=\count327

(C:\Users\abptl\AppData\Local\Programs\MiKTeX\tex/generic/pgf/frontendlayer/tik
z/libraries\tikzlibrarytopaths.code.tex
File: tikzlibrarytopaths.code.tex 2025-08-29 v3.1.11a (3.1.11a)
)))
(C:\Users\abptl\AppData\Local\Programs\MiKTeX\tex/generic/pgf/libraries\pgflibr
aryarrows.meta.code.tex
File: pgflibraryarrows.meta.code.tex 2025-08-29 v3.1.11a (3.1.11a)
\pgfarrowinset=\dimen303
\pgfarrowlength=\dimen304
\pgfarrowwidth=\dimen305
\pgfarrowlinewidth=\dimen306
)
(C:\Users\abptl\AppData\Local\Programs\MiKTeX\tex/generic/pgf/frontendlayer/tik
z/libraries\tikzlibrarypositioning.code.tex
File: tikzlibrarypositioning.code.tex 2025-08-29 v3.1.11a (3.1.11a)
)
(C:\Users\abptl\AppData\Local\Programs\MiKTeX\tex/latex/algorithm2e\algorithm2e
.sty
Package: algorithm2e 2017/07/18 v5.2 algorithms environments
\c@AlgoLine=\count328
 (C:\Users\abptl\AppData\Local\Programs\MiKTeX\tex/latex/base\ifthen.sty
Package: ifthen 2024/03/16 v1.1e Standard LaTeX ifthen package (DPC)
)
\algocf@hangindent=\skip57

(C:\Users\abptl\AppData\Local\Programs\MiKTeX\tex/latex/ifoddpage\ifoddpage.sty
Package: ifoddpage 2022/10/18 v1.2 Conditionals for odd/even page detection
\c@checkoddpage=\count329
) (C:\Users\abptl\AppData\Local\Programs\MiKTeX\tex/latex/tools\xspace.sty
Package: xspace 2014/10/28 v1.13 Space after command names (DPC,MH)
)
(C:\Users\abptl\AppData\Local\Programs\MiKTeX\tex/latex/relsize\relsize.sty
Package: relsize 2013/03/29 ver 4.1
)
\skiptotal=\skip58
\skiplinenumber=\skip59
\skiprule=\skip60
\skiphlne=\skip61
\skiptext=\skip62
\skiplength=\skip63
\algomargin=\skip64
\skipalgocfslide=\skip65
\algowidth=\dimen307
\inoutsize=\dimen308
\inoutindent=\dimen309
\interspacetitleruled=\dimen310
\interspacealgoruled=\dimen311
\interspacetitleboxruled=\dimen312
\algocf@ruledwidth=\skip66
\algocf@inoutbox=\box68
\algocf@inputbox=\box69
\AlCapSkip=\skip67
\AlCapHSkip=\skip68
\algoskipindent=\skip69
\algocf@nlbox=\box70
\algocf@hangingbox=\box71
\algocf@untilbox=\box72
\algocf@skipuntil=\skip70
\algocf@capbox=\box73
\algocf@lcaptionbox=\skip71
\algoheightruledefault=\skip72
\algoheightrule=\skip73
\algotitleheightruledefault=\skip74
\algotitleheightrule=\skip75
\c@algocfline=\count330
\c@algocfproc=\count331
\c@algocf=\count332
\algocf@algoframe=\box74
\algocf@algobox=\box75
)
(C:\Users\abptl\AppData\Local\Programs\MiKTeX\tex/latex/l3backend\l3backend-pdf
tex.def
File: l3backend-pdftex.def 2025-10-09 L3 backend support: PDF output (pdfTeX)
\l__color_backend_stack_int=\count333
) (paper_sc26_revised.aux)
\openout1 = `paper_sc26_revised.aux'.

LaTeX Font Info:    Checking defaults for OML/cmm/m/it on input line 23.
LaTeX Font Info:    ... okay on input line 23.
LaTeX Font Info:    Checking defaults for OMS/cmsy/m/n on input line 23.
LaTeX Font Info:    ... okay on input line 23.
LaTeX Font Info:    Checking defaults for OT1/cmr/m/n on input line 23.
LaTeX Font Info:    ... okay on input line 23.
LaTeX Font Info:    Checking defaults for T1/cmr/m/n on input line 23.
LaTeX Font Info:    ... okay on input line 23.
LaTeX Font Info:    Checking defaults for TS1/cmr/m/n on input line 23.
LaTeX Font Info:    ... okay on input line 23.
LaTeX Font Info:    Checking defaults for OMX/cmex/m/n on input line 23.
LaTeX Font Info:    ... okay on input line 23.
LaTeX Font Info:    Checking defaults for U/cmr/m/n on input line 23.
LaTeX Font Info:    ... okay on input line 23.

-- Lines per column: 56 (exact).

(C:\Users\abptl\AppData\Local\Programs\MiKTeX\tex/context/base/mkii\supp-pdf.mk
ii
[Loading MPS to PDF converter (version 2006.09.02).]
\scratchcounter=\count334
\scratchdimen=\dimen313
\scratchbox=\box76
\nofMPsegments=\count335
\nofMParguments=\count336
\everyMPshowfont=\toks36
\MPscratchCnt=\count337
\MPscratchDim=\dimen314
\MPnumerator=\count338
\makeMPintoPDFobject=\count339
\everyMPtoPDFconversion=\toks37
)
(C:\Users\abptl\AppData\Local\Programs\MiKTeX\tex/latex/epstopdf-pkg\epstopdf-b
ase.sty
Package: epstopdf-base 2020-01-24 v2.11 Base part for package epstopdf
Package epstopdf-base Info: Redefining graphics rule for `.eps' on input line 4
85.

(C:\Users\abptl\AppData\Local\Programs\MiKTeX\tex/latex/00miktex\epstopdf-sys.c
fg
File: epstopdf-sys.cfg 2021/03/18 v2.0 Configuration of epstopdf for MiKTeX
))
LaTeX Font Info:    Trying to load font information for T1+pcr on input line 33
.
 (C:\Users\abptl\AppData\Local\Programs\MiKTeX\tex/latex/psnfss\t1pcr.fd
File: t1pcr.fd 2001/06/04 font definitions for T1/pcr.
)
Underfull \hbox (badness 10000) in paragraph at lines 90--93
[]\T1/ptm/b/n/10 Transport op-ti-miza-tion \T1/ptm/m/n/10 (turboquant-pro, ŸIV[
])---
 []


Underfull \hbox (badness 1430) in paragraph at lines 90--93
\T1/ptm/m/n/10 compressing bus pay-loads so re-mote burst-ing stays
 []

[1{C:/Users/abptl/AppData/Local/MiKTeX/fonts/map/pdftex/pdftex.map}{C:/Users/ab
ptl/AppData/Local/Programs/MiKTeX/fonts/enc/dvips/base/8r.enc}


]
Underfull \hbox (badness 2253) in paragraph at lines 167--177
[]\T1/ptm/m/n/10 The Go con-troller is event-driven. Its \T1/pcr/m/n/10 natsbri
dge
 []


Underfull \hbox (badness 6078) in paragraph at lines 167--177
\T1/ptm/m/n/10 sub-scribes to \T1/pcr/m/n/10 burst.submit\T1/ptm/m/n/10 , and o
n each re-quest
 []


Underfull \hbox (badness 10000) in paragraph at lines 167--177
\T1/ptm/m/n/10 the \T1/pcr/m/n/10 submitter \T1/ptm/m/n/10 ren-ders a \T1/pcr/m
/n/10 JobDescriptor
 []


Underfull \hbox (badness 10000) in paragraph at lines 167--177
\T1/ptm/m/n/10 into a real \T1/pcr/m/n/10 batchv1.Job \T1/ptm/m/n/10 via client
-go---
 []


Underfull \hbox (badness 10000) in paragraph at lines 167--177
\T1/ptm/m/n/10 CPU/memory/\T1/pcr/m/n/10 nvidia.com/gpu\T1/ptm/m/n/10 /ephemera
l-
 []


Underfull \hbox (badness 10000) in paragraph at lines 167--177
\T1/ptm/m/n/10 storage re-quests and lim-its, a managed-by la-bel,
 []


Underfull \hbox (badness 10000) in paragraph at lines 167--177
\T1/pcr/m/n/10 RestartPolicyNever\T1/ptm/m/n/10 , and foreground-propagation
 []


Underfull \hbox (badness 6842) in paragraph at lines 167--177
\T1/ptm/m/n/10 is three sub-ject fam-i-lies: \T1/pcr/m/n/10 burst.submit \T1/pt
m/m/n/10 (re-quests),
 []


Underfull \hbox (badness 10000) in paragraph at lines 167--177
\T1/pcr/m/n/10 burst.status.<job> \T1/ptm/m/n/10 (a \T1/pcr/m/n/10 submitted\T1
/ptm/m/n/10 /\T1/pcr/m/n/10 error \T1/ptm/m/n/10 state
 []


Underfull \hbox (badness 10000) in paragraph at lines 167--177
\T1/ptm/m/n/10 ma-chine), and \T1/pcr/m/n/10 burst.result.<job> \T1/ptm/m/n/10 
(re-served for
 []

LaTeX Font Info:    Font shape `T1/pcr/m/it' in size <10> not available
(Font)              Font shape `T1/pcr/m/sl' tried instead on input line 222.
[2]
Underfull \hbox (badness 10000) in paragraph at lines 282--292
[]\T1/pcr/m/n/10 probe_batch_size \T1/ptm/m/n/10 binary-searches the largest
 []


Underfull \hbox (badness 2073) in paragraph at lines 282--292
\T1/ptm/m/n/10 train-ing mem-ory in-clud-ing op-ti-mizer moments---a de-tail
 []


Underfull \hbox (badness 1383) in paragraph at lines 282--292
\T1/ptm/m/n/10 optimizer-state fac-tor. OOM is caught and dis-tin-guished
 []


Underfull \hbox (badness 1412) in paragraph at lines 294--294
[]\T1/ptm/b/n/10 Algorithm 2: \T1/ptm/m/n/10 OOM-safe batch right-sizing (in-fe
r
 []

[3]
Underfull \hbox (badness 10000) in paragraph at lines 342--350
[]\T1/ptm/m/n/10 On dim-1024 vec-tors the codec gives ra-tios of
 []


Underfull \hbox (badness 10000) in paragraph at lines 342--350
\OT1/cmr/m/n/10 7\OML/cmm/m/it/10 :\OT1/cmr/m/n/10 9\OML/cmm/m/it/10 =\OT1/cmr/
m/n/10 10\OML/cmm/m/it/10 :\OT1/cmr/m/n/10 4\OML/cmm/m/it/10 =\OT1/cmr/m/n/10 1
5\OML/cmm/m/it/10 :\OT1/cmr/m/n/10 5\OMS/cmsy/m/n/10 ^^B$ \T1/ptm/m/n/10 at $\O
T1/cmr/m/n/10 4\OML/cmm/m/it/10 =\OT1/cmr/m/n/10 3\OML/cmm/m/it/10 =\OT1/cmr/m/
n/10 2$\T1/ptm/m/n/10 -bit with re-con-struc-tion
 []


Underfull \hbox (badness 4316) in paragraph at lines 342--350
\T1/ptm/m/n/10 co-sine $\OT1/cmr/m/n/10 0\OML/cmm/m/it/10 :\OT1/cmr/m/n/10 995\
OML/cmm/m/it/10 =\OT1/cmr/m/n/10 0\OML/cmm/m/it/10 :\OT1/cmr/m/n/10 978\OML/cmm
/m/it/10 =\OT1/cmr/m/n/10 0\OML/cmm/m/it/10 :\OT1/cmr/m/n/10 94$ \T1/ptm/m/n/10
 (Fig. 2[]). Re-running on real
 []


Underfull \hbox (badness 10000) in paragraph at lines 342--350
\T1/pcr/m/n/10 bge-small-en-v1.5 \T1/ptm/m/n/10 em-bed-dings (20news-groups,
 []


Underfull \hbox (badness 7759) in paragraph at lines 342--350
\OML/cmm/m/it/10 n[]\OT1/cmr/m/n/10 3000$\T1/ptm/m/n/10 , na-tive dim 384) give
s \T1/ptm/m/it/10 iden-ti-cal \T1/ptm/m/n/10 ra-tio and
 []


Underfull \hbox (badness 3364) in paragraph at lines 342--350
\T1/ptm/m/n/10 co-sine within 0.001 at matched dimension---confirming
 []

<figures/fig_tier1_compression.pdf, id=34, 361.35pt x 231.26399pt>
File: figures/fig_tier1_compression.pdf Graphic file (type pdf)
<use figures/fig_tier1_compression.pdf>
Package pdftex.def Info: figures/fig_tier1_compression.pdf  used on input line 
352.
(pdftex.def)             Requested size: 252.0pt x 161.28026pt.
<figures/fig_tier2_crossover.pdf, id=35, 361.35pt x 231.26399pt>
File: figures/fig_tier2_crossover.pdf Graphic file (type pdf)
<use figures/fig_tier2_crossover.pdf>
Package pdftex.def Info: figures/fig_tier2_crossover.pdf  used on input line 38
5.
(pdftex.def)             Requested size: 252.0pt x 161.28026pt.
[4 <./figures/fig_tier1_compression.pdf>]
<figures/fig_tier3_scaling.pdf, id=86, 361.35pt x 231.26399pt>
File: figures/fig_tier3_scaling.pdf Graphic file (type pdf)
<use figures/fig_tier3_scaling.pdf>
Package pdftex.def Info: figures/fig_tier3_scaling.pdf  used on input line 420.

(pdftex.def)             Requested size: 252.0pt x 161.28026pt.

Underfull \hbox (badness 7777) in paragraph at lines 445--461
[]\T1/ptm/m/n/10 To place the fab-ric among gen-eral task en-gines,
 []


Underfull \hbox (badness 4634) in paragraph at lines 445--461
\T1/ptm/m/n/10 we ran the \T1/ptm/m/it/10 same \T1/ptm/m/n/10 warm-pool workloa
d---MiniLM em-
 []


Underfull \hbox (badness 5519) in paragraph at lines 445--461
\T1/ptm/m/n/10 bed-ding on one GV100---through Ray, Dask, a raw
 []

[5 <./figures/fig_tier2_crossover.pdf> <./figures/fig_tier3_scaling.pdf>]
<figures/embed_scaling.png, id=187, 245.718pt x 180.675pt>
File: figures/embed_scaling.png Graphic file (type png)
<use figures/embed_scaling.png>
Package pdftex.def Info: figures/embed_scaling.png  used on input line 497.
(pdftex.def)             Requested size: 186.48138pt x 137.12419pt.

Underfull \vbox (badness 10000) has occurred while \output is active []

 [6 <./figures/embed_scaling.png>]
Underfull \hbox (badness 6808) in paragraph at lines 575--581
\T1/ptm/m/n/10 state-aware peak-memory ac-count-ing, a uni-fied multi-
 []


Underfull \hbox (badness 10000) in paragraph at lines 583--591
[]\T1/ptm/m/n/10 All three projects are open and on PyPI---
 []


Underfull \hbox (badness 5802) in paragraph at lines 583--591
\T1/pcr/m/n/10 nats-bursting \T1/ptm/m/n/10 [13], \T1/pcr/m/n/10 turboquant-pro
 \T1/ptm/m/n/10 [14], and
 []


Underfull \hbox (badness 7851) in paragraph at lines 583--591
\T1/ptm/m/n/10 vari-ant), \T1/pcr/m/n/10 bench_transport.py \T1/ptm/m/n/10 and 
the co-existing
 []


Underfull \hbox (badness 2875) in paragraph at lines 583--591
\T1/pcr/m/n/10 --i-have-checked-nrp-policy\T1/ptm/m/n/10 . Re-sult files and a
 []


Underfull \hbox (badness 4543) in paragraph at lines 583--591
\T1/pcr/m/n/10 make_figures.py \T1/ptm/m/n/10 that re-gen-er-ates ev-ery fig-ur
e are
 []


Underfull \hbox (badness 10000) in paragraph at lines 619--624
[]\T1/ptm/m/n/10 The ar-ti-fact is the three open-source projects
 []


Underfull \hbox (badness 2600) in paragraph at lines 619--624
\T1/ptm/m/n/10 eval-u-ated here---\T1/pcr/m/n/10 nats-bursting \T1/ptm/m/n/10 (
the burst-ing fab-ric),
 []

[7]
Underfull \hbox (badness 10000) in paragraph at lines 643--646
[]\T1/ptm/b/n/10 Publicly avail-able: \T1/ptm/m/n/10 yes---as PyPI pack-ages
 []


Underfull \hbox (badness 10000) in paragraph at lines 643--646
\T1/ptm/m/n/10 and at \T1/pcr/m/n/10 github.com/ahb-sjsu \T1/ptm/m/n/10 (repos-
i-to-ries
 []


Underfull \hbox (badness 10000) in paragraph at lines 643--646
\T1/pcr/m/n/10 nats-bursting\T1/ptm/m/n/10 , \T1/pcr/m/n/10 turboquant-pro\T1/p
tm/m/n/10 ,
 []


Underfull \hbox (badness 10000) in paragraph at lines 647--650
[]\T1/ptm/b/n/10 Archived DOI: \T1/pcr/m/n/10 nats-bursting \T1/ptm/m/n/10 10.5
281/zen-
 []


Underfull \hbox (badness 10000) in paragraph at lines 647--650
\T1/ptm/m/n/10 odo.20660069; \T1/pcr/m/n/10 turboquant-pro \T1/ptm/m/n/10 10.52
81/zen-
 []


Underfull \hbox (badness 10000) in paragraph at lines 647--650
\T1/ptm/m/n/10 odo.20660087; \T1/pcr/m/n/10 batch-probe \T1/ptm/m/n/10 10.5281/
zen-
 []


Underfull \hbox (badness 10000) in paragraph at lines 647--650
\T1/ptm/m/n/10 odo.21095035 (con-cept DOIs; al-ways re-solve to
 []


Underfull \hbox (badness 10000) in paragraph at lines 669--671
[]\T1/ptm/m/n/10 Each re-ported re-sult maps to one com-mand;
 []


Underfull \hbox (badness 5203) in paragraph at lines 669--671
\T1/pcr/m/n/10 make_figures.py \T1/ptm/m/n/10 re-gen-er-ates the fig-ures from 
the
 []


Underfull \hbox (badness 10000) in paragraph at lines 672--675
[]\T1/ptm/b/n/10 Tier 1 (Fig. 2[]): \T1/pcr/m/n/10 python
 []


Underfull \hbox (badness 10000) in paragraph at lines 672--675
\T1/pcr/m/n/10 benchmarks/bench_compression.py $\OMS/cmsy/m/n/10 !$
 []


Underfull \hbox (badness 10000) in paragraph at lines 672--675
\T1/pcr/m/n/10 results_compression.json \T1/ptm/m/n/10 (real-embedding
 []


Underfull \hbox (badness 5563) in paragraph at lines 675--678
[]\T1/ptm/b/n/10 Tier 2 (Ta-bles II[], III[], Fig. 3[]): \T1/ptm/m/n/10 start a
 bus
 []


Underfull \hbox (badness 10000) in paragraph at lines 675--678
\T1/ptm/m/n/10 (\T1/pcr/m/n/10 docker run -p 4222:4222 nats\T1/ptm/m/n/10 ), th
en
 []


Underfull \hbox (badness 10000) in paragraph at lines 675--678
\T1/pcr/m/n/10 python benchmarks/bench_transport.py
 []


Underfull \hbox (badness 10000) in paragraph at lines 675--678
\T1/pcr/m/n/10 [--compress]\T1/ptm/m/n/10 ; the real-hop driver writes
 []


Underfull \hbox (badness 10000) in paragraph at lines 678--683
[]\T1/ptm/b/n/10 Tier 3 (Ta-ble IV[], Fig. 4[]): \T1/pcr/m/n/10 python
 []


Underfull \hbox (badness 10000) in paragraph at lines 678--683
\T1/pcr/m/n/10 benchmarks/bench_cluster.py
 []


Underfull \hbox (badness 10000) in paragraph at lines 678--683
\T1/pcr/m/n/10 --mode cold|warm|scale
 []


Underfull \hbox (badness 10000) in paragraph at lines 678--683
\T1/pcr/m/n/10 --i-have-checked-nrp-policy $\OMS/cmsy/m/n/10 !$
 []


Underfull \hbox (badness 10000) in paragraph at lines 683--684
[]\T1/ptm/b/n/10 Figures: \T1/pcr/m/n/10 python paper/figures/
 []


Underfull \hbox (badness 10000) in paragraph at lines 696--701
[]\T1/ptm/m/n/10 Tier 3 re-fuses to run with-out
 []


Underfull \hbox (badness 2980) in paragraph at lines 696--701
\T1/pcr/m/n/10 --i-have-checked-nrp-policy \T1/ptm/m/n/10 and uses ignored-
 []

(paper_sc26_revised.bbl
Underfull \hbox (badness 10000) in paragraph at lines 90--93
\T1/ptm/m/n/8 com-pres-sion,'' $https : / / pypi . org / project / turboquant-[
]pro$, zen-odo:
 []


Underfull \hbox (badness 5908) in paragraph at lines 95--98
\T1/ptm/m/n/8 con-trol,'' $https : / / pypi . org / project / batch-[]probe$, z
en-odo: 10.5281/zen-
 []

[8])

** Conference Paper **
Before submitting the final camera ready copy, remember to:

 1. Manually equalize the lengths of two columns on the last page
 of your paper;

 2. Ensure that any PostScript and/or PDF output post-processing
 uses only Type 1 fonts and that every step in the generation
 process uses the appropriate paper size.

[9

] (paper_sc26_revised.aux)
 ***********
LaTeX2e <2025-11-01>
L3 programming layer <2025-12-24>
 ***********
 ) 
Here is how much of TeX's memory you used:
 15557 strings out of 467870
 315772 string characters out of 5418355
 718081 words of memory out of 5000000
 44159 multiletter control sequences out of 15000+600000
 746896 words of font info for 163 fonts, out of 8000000 for 9000
 1141 hyphenation exceptions out of 8191
 84i,15n,104p,1046b,762s stack positions out of 10000i,1000n,20000p,200000b,200000s
<C:/Users/abptl/AppData/Local/Programs/MiKTeX/fonts/type1/public/amsfonts/cm/
cmex10.pfb><C:/Users/abptl/AppData/Local/Programs/MiKTeX/fonts/type1/public/ams
fonts/cm/cmmi10.pfb><C:/Users/abptl/AppData/Local/Programs/MiKTeX/fonts/type1/p
ublic/amsfonts/cm/cmmi7.pfb><C:/Users/abptl/AppData/Local/Programs/MiKTeX/fonts
/type1/public/amsfonts/cm/cmmi8.pfb><C:/Users/abptl/AppData/Local/Programs/MiKT
eX/fonts/type1/public/amsfonts/cm/cmmi9.pfb><C:/Users/abptl/AppData/Local/Progr
ams/MiKTeX/fonts/type1/public/amsfonts/cm/cmr10.pfb><C:/Users/abptl/AppData/Loc
al/Programs/MiKTeX/fonts/type1/public/amsfonts/cm/cmr7.pfb><C:/Users/abptl/AppD
ata/Local/Programs/MiKTeX/fonts/type1/public/amsfonts/cm/cmr8.pfb><C:/Users/abp
tl/AppData/Local/Programs/MiKTeX/fonts/type1/public/amsfonts/cm/cmr9.pfb><C:/Us
ers/abptl/AppData/Local/Programs/MiKTeX/fonts/type1/public/amsfonts/cm/cmsy10.p
fb><C:/Users/abptl/AppData/Local/Programs/MiKTeX/fonts/type1/public/amsfonts/cm
/cmsy6.pfb><C:/Users/abptl/AppData/Local/Programs/MiKTeX/fonts/type1/public/ams
fonts/cm/cmsy7.pfb><C:/Users/abptl/AppData/Local/Programs/MiKTeX/fonts/type1/pu
blic/amsfonts/cm/cmsy8.pfb><C:/Users/abptl/AppData/Local/Programs/MiKTeX/fonts/
type1/public/amsfonts/cm/cmsy9.pfb><C:/Users/abptl/AppData/Local/Programs/MiKTe
X/fonts/type1/urw/courier/ucrb8a.pfb><C:/Users/abptl/AppData/Local/Programs/MiK
TeX/fonts/type1/urw/courier/ucrr8a.pfb><C:/Users/abptl/AppData/Local/Programs/M
iKTeX/fonts/type1/urw/courier/ucrro8a.pfb><C:/Users/abptl/AppData/Local/Program
s/MiKTeX/fonts/type1/urw/times/utmb8a.pfb><C:/Users/abptl/AppData/Local/Program
s/MiKTeX/fonts/type1/urw/times/utmbi8a.pfb><C:/Users/abptl/AppData/Local/Progra
ms/MiKTeX/fonts/type1/urw/times/utmr8a.pfb><C:/Users/abptl/AppData/Local/Progra
ms/MiKTeX/fonts/type1/urw/times/utmri8a.pfb>
Output written on paper_sc26_revised.pdf (9 pages, 368739 bytes).
PDF statistics:
 291 PDF objects out of 1000 (max. 8388607)
 0 named destinations out of 1000 (max. 500000)
 33 words of extra memory for PDF output out of 10000 (max. 10000000)

